Archive member included because of file (symbol)

c:/program files (x86)/gnu tools arm embedded/4.9 2015q1/bin/../lib/gcc/arm-none-eabi/4.9.3/../../../../arm-none-eabi/lib/armv7e-m/fpu\libg.a(lib_a-memcmp.o)
                              ..\obj\autoip.o (memcmp)
c:/program files (x86)/gnu tools arm embedded/4.9 2015q1/bin/../lib/gcc/arm-none-eabi/4.9.3/../../../../arm-none-eabi/lib/armv7e-m/fpu\libg.a(lib_a-memcpy.o)
                              ..\obj\ip_frag.o (memcpy)
c:/program files (x86)/gnu tools arm embedded/4.9 2015q1/bin/../lib/gcc/arm-none-eabi/4.9.3/../../../../arm-none-eabi/lib/armv7e-m/fpu\libg.a(lib_a-memset.o)
                              ..\obj\mem.o (memset)
c:/program files (x86)/gnu tools arm embedded/4.9 2015q1/bin/../lib/gcc/arm-none-eabi/4.9.3/../../../../arm-none-eabi/lib/armv7e-m/fpu\libg.a(lib_a-strlen.o)
                              ..\obj\stm32_ub_udp_server.o (strlen)

Allocating common symbols
Common symbol       size              file

netif               0x38              ..\obj\netconf.o
netif_list          0x4               ..\obj\netif.o
RX_Frame_Descriptor
                    0xc               ..\obj\stm32f4x7_eth.o
OwnIPaddr           0x4               ..\obj\stm32_ub_udp_server.o
tcp_active_pcbs     0x4               ..\obj\tcp.o
udp_pcbs            0x4               ..\obj\udp.o
current_netif       0x4               ..\obj\ip.o
upcb_server         0x4               ..\obj\stm32_ub_udp_server.o
tcp_ticks           0x4               ..\obj\tcp.o
tcp_listen_pcbs     0x4               ..\obj\tcp.o
DMARxDescToGet      0x4               ..\obj\stm32f4x7_eth.o
HOST_UDP_PORT       0x2               ..\obj\stm32_ub_udp_server.o
xQueueRegistry      0x40              ..\obj\queue.o
DMATxDescToSet      0x4               ..\obj\stm32f4x7_eth.o
tcp_tmp_pcb         0x4               ..\obj\tcp.o
tcp_input_pcb       0x4               ..\obj\tcp_in.o
DMATxDscrTab        0xa0              ..\obj\stm32f4x7_eth.o
current_header      0x4               ..\obj\ip.o
Rx_Buff             0x1dc4            ..\obj\stm32f4x7_eth.o
tcp_bound_pcbs      0x4               ..\obj\tcp.o
Frame_Rx_index      0x4               ..\obj\stm32f4x7_eth.o
HostIPaddr          0x4               ..\obj\stm32_ub_udp_server.o
DMA_RX_FRAME_infos  0x4               ..\obj\stm32f4x7_eth.o
DMARxDscrTab        0xa0              ..\obj\stm32f4x7_eth.o
tcp_tw_pcbs         0x4               ..\obj\tcp.o
netif_default       0x4               ..\obj\netif.o
Tx_Buff             0x1dc4            ..\obj\stm32f4x7_eth.o

Discarded input sections

 .text          0x00000000        0x0 ..\obj\stm32f4xx_syscfg.o
 .data          0x00000000        0x0 ..\obj\stm32f4xx_syscfg.o
 .bss           0x00000000        0x0 ..\obj\stm32f4xx_syscfg.o
 .text.SYSCFG_DeInit
                0x00000000       0x1c ..\obj\stm32f4xx_syscfg.o
 .text.SYSCFG_MemoryRemapConfig
                0x00000000       0x20 ..\obj\stm32f4xx_syscfg.o
 .text.SYSCFG_CompensationCellCmd
                0x00000000       0x20 ..\obj\stm32f4xx_syscfg.o
 .text.SYSCFG_GetCompensationCellStatus
                0x00000000       0x34 ..\obj\stm32f4xx_syscfg.o
 .text          0x00000000        0x0 ..\obj\mem.o
 .data          0x00000000        0x0 ..\obj\mem.o
 .text.mem_calloc
                0x00000000       0x44 ..\obj\mem.o
 .text          0x00000000        0x0 ..\obj\tcp.o
 .text.tcp_bind
                0x00000000      0x17c ..\obj\tcp.o
 .text.tcp_accept_null
                0x00000000       0x20 ..\obj\tcp.o
 .text.tcp_listen_with_backlog
                0x00000000      0x10c ..\obj\tcp.o
 .text.tcp_new_port
                0x00000000       0xac ..\obj\tcp.o
 .text.tcp_connect
                0x00000000      0x174 ..\obj\tcp.o
 .text.tcp_setprio
                0x00000000       0x1c ..\obj\tcp.o
 .text.tcp_new  0x00000000       0x10 ..\obj\tcp.o
 .text.tcp_arg  0x00000000       0x1c ..\obj\tcp.o
 .text.tcp_recv
                0x00000000       0x1c ..\obj\tcp.o
 .text.tcp_sent
                0x00000000       0x1c ..\obj\tcp.o
 .text.tcp_err  0x00000000       0x1c ..\obj\tcp.o
 .text.tcp_accept
                0x00000000       0x1c ..\obj\tcp.o
 .text.tcp_poll
                0x00000000       0x28 ..\obj\tcp.o
 .text.tcp_debug_state_str
                0x00000000       0x24 ..\obj\tcp.o
 .text          0x00000000        0x0 ..\obj\err.o
 .data          0x00000000        0x0 ..\obj\err.o
 .bss           0x00000000        0x0 ..\obj\err.o
 .debug_info    0x00000000       0x72 ..\obj\err.o
 .debug_abbrev  0x00000000       0x26 ..\obj\err.o
 .debug_aranges
                0x00000000       0x18 ..\obj\err.o
 .debug_line    0x00000000       0x1d ..\obj\err.o
 .debug_str     0x00000000      0x1f7 ..\obj\err.o
 .comment       0x00000000       0x71 ..\obj\err.o
 .ARM.attributes
                0x00000000       0x39 ..\obj\err.o
 .text          0x00000000        0x0 ..\obj\randm.o
[...]
Memory Configuration

Name             Origin             Length             Attributes
rom              0x08000000         0x00100000         xr
ram              0x20000000         0x00020000         xrw
ram1             0x10000000         0x00010000         xrw
*default*        0x00000000         0xffffffff

Linker script and memory map

                0x20020000                _eram = 0x20020000

.text           0x08000000     0xb7e4
 *(.isr_vector)
 .isr_vector    0x08000000      0x188 ..\obj\startup_stm32f4xx.o
                0x08000000                g_pfnVectors
 *(.text*)
 .text.SYSCFG_EXTILineConfig
                0x08000188       0x84 ..\obj\stm32f4xx_syscfg.o
                0x08000188                SYSCFG_EXTILineConfig
 .text.SYSCFG_ETH_MediaInterfaceConfig
                0x0800020c       0x1c ..\obj\stm32f4xx_syscfg.o
                0x0800020c                SYSCFG_ETH_MediaInterfaceConfig
 .text.plug_holes
                0x08000228       0xbc ..\obj\mem.o
 .text.mem_init
                0x080002e4       0x84 ..\obj\mem.o
                0x080002e4                mem_init
 .text.mem_free
                0x08000368       0x64 ..\obj\mem.o
                0x08000368                mem_free
 .text.mem_realloc
                0x080003cc      0x17c ..\obj\mem.o
                0x080003cc                mem_realloc
 .text.mem_malloc
                0x08000548      0x14c ..\obj\mem.o
                0x08000548                mem_malloc
 .text.tcp_tmr  0x08000694       0x2c ..\obj\tcp.o
                0x08000694                tcp_tmr
 .text.tcp_close
                0x080006c0      0x164 ..\obj\tcp.o
                0x080006c0                tcp_close
 .text.tcp_abandon
                0x08000824       0xe0 ..\obj\tcp.o
                0x08000824                tcp_abandon
 .text.tcp_update_rcv_ann_wnd
                0x08000904       0x84 ..\obj\tcp.o
                0x08000904                tcp_update_rcv_ann_wnd
 .text.tcp_recved
                0x08000988       0x60 ..\obj\tcp.o
                0x08000988                tcp_recved
 .text.tcp_slowtmr
                0x080009e8      0x3cc ..\obj\tcp.o
                0x080009e8                tcp_slowtmr
 .text.tcp_fasttmr
                0x08000db4       0xb0 ..\obj\tcp.o
                0x08000db4                tcp_fasttmr
 .text.tcp_segs_free
                0x08000e64       0x38 ..\obj\tcp.o
                0x08000e64                tcp_segs_free
 .text.tcp_seg_free
                0x08000e9c       0x3c ..\obj\tcp.o
                0x08000e9c                tcp_seg_free
 .text.tcp_recv_null
                0x08000ed8       0x48 ..\obj\tcp.o
                0x08000ed8                tcp_recv_null
 .text.tcp_kill_prio
                0x08000f20       0x80 ..\obj\tcp.o
 .text.tcp_kill_timewait
                0x08000fa0       0x60 ..\obj\tcp.o
 .text.tcp_alloc
                0x08001000      0x10c ..\obj\tcp.o
                0x08001000                tcp_alloc
 .text.tcp_pcb_purge
                0x0800110c       0x60 ..\obj\tcp.o
                0x0800110c                tcp_pcb_purge
 .text.tcp_pcb_remove
                0x0800116c       0xac ..\obj\tcp.o
                0x0800116c                tcp_pcb_remove
 .text.tcp_next_iss
                0x08001218       0x28 ..\obj\tcp.o
                0x08001218                tcp_next_iss
 .text.tcp_eff_send_mss
                0x08001240       0x40 ..\obj\tcp.o
                0x08001240                tcp_eff_send_mss
 .text.tcp_input
                0x08001280      0x5d0 ..\obj\tcp_in.o
                0x08001280                tcp_input
 .text.tcp_listen_input
                0x08001850      0x1a4 ..\obj\tcp_in.o
 .text.tcp_timewait_input
                0x080019f4       0xe8 ..\obj\tcp_in.o
 .text.tcp_process
                0x08001adc      0x6cc ..\obj\tcp_in.o
 .text.tcp_receive
                0x080021a8      0x8c4 ..\obj\tcp_in.o
 .text.tcp_parseopt
                0x08002a6c      0x104 ..\obj\tcp_in.o
 .text.memp_init
                0x08002b70       0x98 ..\obj\memp.o
                0x08002b70                memp_init
 .text.memp_malloc
                0x08002c08       0x44 ..\obj\memp.o
                0x08002c08                memp_malloc
 .text.memp_free
                0x08002c4c       0x3c ..\obj\memp.o
                0x08002c4c                memp_free
 .text.autoip_handle_arp_conflict
                0x08002c88       0x40 ..\obj\autoip.o
 .text.autoip_create_addr
                0x08002cc8       0x8c ..\obj\autoip.o
 .text.autoip_arp_announce
                0x08002d54       0x4c ..\obj\autoip.o
 .text.autoip_start
                0x08002da0       0xac ..\obj\autoip.o
                0x08002da0                autoip_start
 .text.autoip_start_probing
                0x08002e4c       0x88 ..\obj\autoip.o
 .text.autoip_arp_reply
                0x08002ed4       0xec ..\obj\autoip.o
                0x08002ed4                autoip_arp_reply
 .text.ip_reass_free_complete_datagram
                0x08002fc0       0xbc ..\obj\ip_frag.o
 .text.ip_reass_remove_oldest_datagram
                0x0800307c       0xb8 ..\obj\ip_frag.o
 .text.ip_reass_enqueue_new_datagram
                0x08003134       0x74 ..\obj\ip_frag.o
 .text.ip_reass_dequeue_datagram
                0x080031a8       0x38 ..\obj\ip_frag.o
 .text.ip_reass_chain_frag_into_datagram_and_validate
                0x080031e0      0x210 ..\obj\ip_frag.o
 .text.ip_reass
                0x080033f0      0x268 ..\obj\ip_frag.o
                0x080033f0                ip_reass
 .text.ip_frag  0x08003658      0x1a4 ..\obj\ip_frag.o
                0x08003658                ip_frag
 .text.UB_UDP_Server_Init
                0x080037fc       0x48 ..\obj\stm32_ub_udp_server.o
                0x080037fc                UB_UDP_Server_Init
 .text.UB_UDP_Server_Connect
                0x08003844       0xa4 ..\obj\stm32_ub_udp_server.o
                0x08003844                UB_UDP_Server_Connect
 .text.UB_UDP_Server_SendString
                0x080038e8       0x80 ..\obj\stm32_ub_udp_server.o
                0x080038e8                UB_UDP_Server_SendString
 .text.UB_UDP_Server_Do
                0x08003968       0xb8 ..\obj\stm32_ub_udp_server.o
                0x08003968                UB_UDP_Server_Do
 .text.udp_receive_callback
                0x08003a20       0x78 ..\obj\stm32_ub_udp_server.o
                0x08003a20                udp_receive_callback
 .text.EXTI15_10_IRQHandler
                0x08003a98       0x24 ..\obj\stm32_ub_udp_server.o
                0x08003a98                EXTI15_10_IRQHandler
 .text.Default_Reset_Handler
                0x08003abc       0x68 ..\obj\startup_stm32f4xx.o
                0x08003abc                Default_Reset_Handler
                0x08003abc                Reset_Handler
 .text.Default_Handler
                0x08003b24        0x8 ..\obj\startup_stm32f4xx.o
                0x08003b24                RTC_Alarm_IRQHandler
                0x08003b24                HASH_RNG_IRQHandler
                0x08003b24                EXTI2_IRQHandler
                0x08003b24                TIM8_CC_IRQHandler
                0x08003b24                DebugMon_Handler
                0x08003b24                TIM1_CC_IRQHandler
                0x08003b24                DMA2_Stream5_IRQHandler
                0x08003b24                HardFault_Handler
                0x08003b24                DMA1_Stream5_IRQHandler
                0x08003b24                PVD_IRQHandler
                0x08003b24                SDIO_IRQHandler
                0x08003b24                TAMP_STAMP_IRQHandler
                0x08003b24                NMI_Handler
                0x08003b24                CAN2_RX1_IRQHandler
                0x08003b24                EXTI3_IRQHandler
                0x08003b24                TIM8_TRG_COM_TIM14_IRQHandler
                0x08003b24                TIM1_UP_TIM10_IRQHandler
                0x08003b24                TIM8_UP_TIM13_IRQHandler
                0x08003b24                I2C3_ER_IRQHandler
                0x08003b24                EXTI0_IRQHandler
                0x08003b24                I2C2_EV_IRQHandler
                0x08003b24                DMA1_Stream2_IRQHandler
                0x08003b24                CAN1_RX0_IRQHandler
                0x08003b24                FPU_IRQHandler
                0x08003b24                OTG_HS_WKUP_IRQHandler
                0x08003b24                UsageFault_Handler
                0x08003b24                CAN2_SCE_IRQHandler
                0x08003b24                DMA2_Stream2_IRQHandler
                0x08003b24                SPI1_IRQHandler
                0x08003b24                TIM6_DAC_IRQHandler
                0x08003b24                TIM1_BRK_TIM9_IRQHandler
                0x08003b24                DCMI_IRQHandler
                0x08003b24                CAN2_RX0_IRQHandler
                0x08003b24                DMA2_Stream3_IRQHandler
                0x08003b24                USART6_IRQHandler
                0x08003b24                USART3_IRQHandler
                0x08003b24                CRYP_IRQHandler
                0x08003b24                CAN1_RX1_IRQHandler
                0x08003b24                UART5_IRQHandler
                0x08003b24                DMA2_Stream0_IRQHandler
                0x08003b24                TIM4_IRQHandler
                0x08003b24                I2C1_EV_IRQHandler
                0x08003b24                DMA1_Stream6_IRQHandler
                0x08003b24                DMA1_Stream1_IRQHandler
                0x08003b24                UART4_IRQHandler
                0x08003b24                TIM3_IRQHandler
                0x08003b24                RCC_IRQHandler
                0x08003b24                TIM8_BRK_TIM12_IRQHandler
                0x08003b24                ADC_IRQHandler
                0x08003b24                DMA1_Stream7_IRQHandler
                0x08003b24                TIM7_IRQHandler
                0x08003b24                CAN2_TX_IRQHandler
                0x08003b24                TIM5_IRQHandler
                0x08003b24                DMA2_Stream7_IRQHandler
                0x08003b24                I2C3_EV_IRQHandler
                0x08003b24                EXTI9_5_IRQHandler
                0x08003b24                RTC_WKUP_IRQHandler
                0x08003b24                ETH_WKUP_IRQHandler
                0x08003b24                SPI2_IRQHandler
                0x08003b24                OTG_HS_EP1_IN_IRQHandler
                0x08003b24                MemManage_Handler
                0x08003b24                DMA1_Stream0_IRQHandler
                0x08003b24                CAN1_TX_IRQHandler
                0x08003b24                EXTI4_IRQHandler
                0x08003b24                FSMC_IRQHandler
                0x08003b24                ETH_IRQHandler
                0x08003b24                OTG_HS_EP1_OUT_IRQHandler
                0x08003b24                WWDG_IRQHandler
                0x08003b24                TIM2_IRQHandler
                0x08003b24                OTG_FS_WKUP_IRQHandler
                0x08003b24                TIM1_TRG_COM_TIM11_IRQHandler
                0x08003b24                OTG_HS_IRQHandler
                0x08003b24                EXTI1_IRQHandler
                0x08003b24                USART2_IRQHandler
                0x08003b24                I2C2_ER_IRQHandler
                0x08003b24                DMA2_Stream1_IRQHandler
                0x08003b24                CAN1_SCE_IRQHandler
                0x08003b24                FLASH_IRQHandler
                0x08003b24                DMA2_Stream4_IRQHandler
                0x08003b24                BusFault_Handler
                0x08003b24                USART1_IRQHandler
                0x08003b24                OTG_FS_IRQHandler
                0x08003b24                SPI3_IRQHandler
                0x08003b24                DMA1_Stream4_IRQHandler
                0x08003b24                I2C1_ER_IRQHandler
                0x08003b24                DMA2_Stream6_IRQHandler
                0x08003b24                DMA1_Stream3_IRQHandler
 .text.UB_Led_Init
                0x08003b2c       0xa4 ..\obj\stm32_ub_led.o
                0x08003b2c                UB_Led_Init
 .text.UB_Led_Off
                0x08003bd0       0x3c ..\obj\stm32_ub_led.o
                0x08003bd0                UB_Led_Off
 .text.UB_Led_On
                0x08003c0c       0x3c ..\obj\stm32_ub_led.o
                0x08003c0c                UB_Led_On
 .text.UB_Led_Toggle
                0x08003c48       0x50 ..\obj\stm32_ub_led.o
                0x08003c48                UB_Led_Toggle
 .text.ETH_Delay
                0x08003c98       0x28 ..\obj\stm32f4x7_eth.o
 .text.ETH_DeInit
                0x08003cc0       0x1c ..\obj\stm32f4x7_eth.o
                0x08003cc0                ETH_DeInit
 .text.ETH_StructInit
                0x08003cdc      0x15c ..\obj\stm32f4x7_eth.o
                0x08003cdc                ETH_StructInit
 .text.ETH_Init
                0x08003e38      0x3b0 ..\obj\stm32f4x7_eth.o
                0x08003e38                ETH_Init
 .text.ETH_Start
                0x080041e8       0x24 ..\obj\stm32f4x7_eth.o
                0x080041e8                ETH_Start
 .text.ETH_MACTransmissionCmd
                0x0800420c       0x38 ..\obj\stm32f4x7_eth.o
                0x0800420c                ETH_MACTransmissionCmd
 .text.ETH_MACReceptionCmd
                0x08004244       0x38 ..\obj\stm32f4x7_eth.o
                0x08004244                ETH_MACReceptionCmd
 .text.ETH_MACAddressConfig
                0x0800427c       0x6c ..\obj\stm32f4x7_eth.o
                0x0800427c                ETH_MACAddressConfig
 .text.ETH_Get_Received_Frame
                0x080042e8       0x84 ..\obj\stm32f4x7_eth.o
                0x080042e8                ETH_Get_Received_Frame
 .text.ETH_Prepare_Transmit_Descriptors
                0x0800436c      0x16c ..\obj\stm32f4x7_eth.o
                0x0800436c                ETH_Prepare_Transmit_Descriptors
 .text.ETH_DMARxDescChainInit
                0x080044d8       0xa8 ..\obj\stm32f4x7_eth.o
                0x080044d8                ETH_DMARxDescChainInit
 .text.ETH_CheckFrameReceived
                0x08004580       0xd4 ..\obj\stm32f4x7_eth.o
                0x08004580                ETH_CheckFrameReceived
 .text.ETH_DMATxDescChainInit
                0x08004654       0x90 ..\obj\stm32f4x7_eth.o
                0x08004654                ETH_DMATxDescChainInit
 .text.ETH_DMATxDescChecksumInsertionConfig
                0x080046e4       0x20 ..\obj\stm32f4x7_eth.o
                0x080046e4                ETH_DMATxDescChecksumInsertionConfig
 .text.ETH_SoftwareReset
                0x08004704       0x24 ..\obj\stm32f4x7_eth.o
                0x08004704                ETH_SoftwareReset
 .text.ETH_GetSoftwareResetStatus
                0x08004728       0x38 ..\obj\stm32f4x7_eth.o
                0x08004728                ETH_GetSoftwareResetStatus
 .text.ETH_FlushTransmitFIFO
                0x08004760       0x28 ..\obj\stm32f4x7_eth.o
                0x08004760                ETH_FlushTransmitFIFO
 .text.ETH_DMATransmissionCmd
                0x08004788       0x50 ..\obj\stm32f4x7_eth.o
                0x08004788                ETH_DMATransmissionCmd
 .text.ETH_DMAReceptionCmd
                0x080047d8       0x50 ..\obj\stm32f4x7_eth.o
                0x080047d8                ETH_DMAReceptionCmd
 .text.ETH_ReadPHYRegister
                0x08004828       0xa0 ..\obj\stm32f4x7_eth.o
                0x08004828                ETH_ReadPHYRegister
 .text.ETH_WritePHYRegister
                0x080048c8       0xa4 ..\obj\stm32f4x7_eth.o
                0x080048c8                ETH_WritePHYRegister
 .text.ip_addr_isbroadcast
                0x0800496c       0x7c ..\obj\ip_addr.o
                0x0800496c                ip_addr_isbroadcast
 .text.lwip_standard_chksum
                0x080049e8       0x9c ..\obj\inet_chksum.o
 .text.inet_chksum
                0x08004a84       0x24 ..\obj\inet_chksum.o
                0x08004a84                inet_chksum
 .text.inet_chksum_pbuf
                0x08004aa8       0x98 ..\obj\inet_chksum.o
                0x08004aa8                inet_chksum_pbuf
 .text.main     0x08004b40       0xcc ..\obj\main.o
                0x08004b40                main
 .text.BlinkRED
                0x08004c0c       0x18 ..\obj\main.o
                0x08004c0c                BlinkRED
 .text.BlinkBLUE
                0x08004c24       0x18 ..\obj\main.o
                0x08004c24                BlinkBLUE
 .text.BlinkORANGE
                0x08004c3c       0x28 ..\obj\main.o
                0x08004c3c                BlinkORANGE
 .text.UdpTask  0x08004c64       0x50 ..\obj\main.o
                0x08004c64                UdpTask
 .text.RCC_GetClocksFreq
                0x08004cb4      0x154 ..\obj\stm32f4xx_rcc.o
                0x08004cb4                RCC_GetClocksFreq
 .text.RCC_AHB1PeriphClockCmd
                0x08004e08       0x3c ..\obj\stm32f4xx_rcc.o
                0x08004e08                RCC_AHB1PeriphClockCmd
 .text.RCC_APB2PeriphClockCmd
                0x08004e44       0x3c ..\obj\stm32f4xx_rcc.o
                0x08004e44                RCC_APB2PeriphClockCmd
 .text.RCC_AHB1PeriphResetCmd
                0x08004e80       0x3c ..\obj\stm32f4xx_rcc.o
                0x08004e80                RCC_AHB1PeriphResetCmd
 .text.LwIP_Init
                0x08004ebc       0x74 ..\obj\netconf.o
                0x08004ebc                LwIP_Init
 .text.LwIP_Pkt_Handle
                0x08004f30       0x10 ..\obj\netconf.o
                0x08004f30                LwIP_Pkt_Handle
 .text.LwIP_Periodic_Handle
                0x08004f40       0x48 ..\obj\netconf.o
                0x08004f40                LwIP_Periodic_Handle
 .text.xTimerCreateTimerTask
                0x08004f88       0x58 ..\obj\timers.o
                0x08004f88                xTimerCreateTimerTask
 .text.xTimerGenericCommand
                0x08004fe0       0x8c ..\obj\timers.o
                0x08004fe0                xTimerGenericCommand
 .text.prvProcessExpiredTimer
                0x0800506c       0x70 ..\obj\timers.o
 .text.prvTimerTask
                0x080050dc       0x24 ..\obj\timers.o
 .text.prvProcessTimerOrBlockTask
                0x08005100       0x6c ..\obj\timers.o
 .text.prvGetNextExpireTime
                0x0800516c       0x48 ..\obj\timers.o
 .text.prvSampleTimeNow
                0x080051b4       0x44 ..\obj\timers.o
 .text.prvInsertTimerInActiveList
                0x080051f8       0x84 ..\obj\timers.o
 .text.prvProcessReceivedCommands
                0x0800527c       0xec ..\obj\timers.o
 .text.prvSwitchTimerLists
                0x08005368       0xb4 ..\obj\timers.o
 .text.prvCheckForValidListAndQueue
                0x0800541c       0x54 ..\obj\timers.o
 .text.NVIC_SetPriority
                0x08005470       0x54 ..\obj\stm32f4x7_eth_bsp.o
 .text.SysTick_Config
                0x080054c4       0x44 ..\obj\stm32f4x7_eth_bsp.o
 .text.ETH_BSP_Config
                0x08005508       0x58 ..\obj\stm32f4x7_eth_bsp.o
                0x08005508                ETH_BSP_Config
 .text.ETH_MACDMA_Config
                0x08005560      0x104 ..\obj\stm32f4x7_eth_bsp.o
 .text.ETH_GPIO_Config
                0x08005664       0xd8 ..\obj\stm32f4x7_eth_bsp.o
 .text.Eth_Link_PHYITConfig
                0x0800573c       0x78 ..\obj\stm32f4x7_eth_bsp.o
                0x0800573c                Eth_Link_PHYITConfig
 .text.Eth_Link_EXTIConfig
                0x080057b4       0x80 ..\obj\stm32f4x7_eth_bsp.o
                0x080057b4                Eth_Link_EXTIConfig
 .text.Eth_Link_ITHandler
                0x08005834       0x38 ..\obj\stm32f4x7_eth_bsp.o
                0x08005834                Eth_Link_ITHandler
 .text.low_level_init
                0x0800586c       0xb0 ..\obj\ethernetif.o
 .text.low_level_output
                0x0800591c       0x68 ..\obj\ethernetif.o
 .text.low_level_input
                0x08005984       0xf4 ..\obj\ethernetif.o
 .text.ethernetif_input
                0x08005a78       0x48 ..\obj\ethernetif.o
                0x08005a78                ethernetif_input
 .text.ethernetif_init
                0x08005ac0       0x40 ..\obj\ethernetif.o
                0x08005ac0                ethernetif_init
 .text.free_etharp_q
                0x08005b00       0x34 ..\obj\etharp.o
 .text.etharp_tmr
                0x08005b34       0xfc ..\obj\etharp.o
                0x08005b34                etharp_tmr
 .text.find_entry
                0x08005c30      0x2cc ..\obj\etharp.o
 .text.etharp_send_ip
                0x08005efc       0x68 ..\obj\etharp.o
 .text.update_arp_entry
                0x08005f64      0x150 ..\obj\etharp.o
 .text.etharp_ip_input
                0x080060b4       0x50 ..\obj\etharp.o
                0x080060b4                etharp_ip_input
 .text.etharp_arp_input
                0x08006104      0x1fc ..\obj\etharp.o
                0x08006104                etharp_arp_input
 .text.etharp_output
                0x08006300       0xf8 ..\obj\etharp.o
                0x08006300                etharp_output
 .text.etharp_query
                0x080063f8      0x24c ..\obj\etharp.o
                0x080063f8                etharp_query
 .text.etharp_raw
                0x08006644      0x148 ..\obj\etharp.o
                0x08006644                etharp_raw
 .text.etharp_request
                0x0800678c       0x48 ..\obj\etharp.o
                0x0800678c                etharp_request
 .text.ethernet_input
                0x080067d4       0x88 ..\obj\etharp.o
                0x080067d4                ethernet_input
 .text.xTaskGenericCreate
                0x0800685c      0x168 ..\obj\tasks.o
                0x0800685c                xTaskGenericCreate
 .text.vTaskDelay
                0x080069c4       0x50 ..\obj\tasks.o
                0x080069c4                vTaskDelay
 .text.vTaskStartScheduler
                0x08006a14       0x70 ..\obj\tasks.o
                0x08006a14                vTaskStartScheduler
 .text.vTaskSuspendAll
                0x08006a84       0x1c ..\obj\tasks.o
                0x08006a84                vTaskSuspendAll
 .text.xTaskResumeAll
                0x08006aa0      0x10c ..\obj\tasks.o
                0x08006aa0                xTaskResumeAll
 .text.xTaskGetTickCount
                0x08006bac       0x24 ..\obj\tasks.o
                0x08006bac                xTaskGetTickCount
 .text.xTaskIncrementTick
                0x08006bd0      0x1ac ..\obj\tasks.o
                0x08006bd0                xTaskIncrementTick
 .text.vTaskSwitchContext
                0x08006d7c       0xf0 ..\obj\tasks.o
                0x08006d7c                vTaskSwitchContext
 .text.vTaskPlaceOnEventList
                0x08006e6c       0x6c ..\obj\tasks.o
                0x08006e6c                vTaskPlaceOnEventList
 .text.vTaskPlaceOnEventListRestricted
                0x08006ed8       0x50 ..\obj\tasks.o
                0x08006ed8                vTaskPlaceOnEventListRestricted
 .text.xTaskRemoveFromEventList
                0x08006f28       0xb8 ..\obj\tasks.o
                0x08006f28                xTaskRemoveFromEventList
 .text.vTaskSetTimeOutState
                0x08006fe0       0x34 ..\obj\tasks.o
                0x08006fe0                vTaskSetTimeOutState
 .text.xTaskCheckForTimeOut
                0x08007014       0xa0 ..\obj\tasks.o
                0x08007014                xTaskCheckForTimeOut
 .text.vTaskMissedYield
                0x080070b4       0x18 ..\obj\tasks.o
                0x080070b4                vTaskMissedYield
 .text.prvIdleTask
                0x080070cc       0x24 ..\obj\tasks.o
 .text.prvInitialiseTCBVariables
                0x080070f0       0x90 ..\obj\tasks.o
 .text.prvInitialiseTaskLists
                0x08007180       0x7c ..\obj\tasks.o
 .text.prvCheckTasksWaitingTermination
                0x080071fc       0x74 ..\obj\tasks.o
 .text.prvAddCurrentTaskToDelayedList
                0x08007270       0x6c ..\obj\tasks.o
 .text.prvAllocateTCBAndStack
                0x080072dc       0x64 ..\obj\tasks.o
 .text.prvDeleteTCB
                0x08007340       0x20 ..\obj\tasks.o
 .text.xTaskGetCurrentTaskHandle
                0x08007360       0x20 ..\obj\tasks.o
                0x08007360                xTaskGetCurrentTaskHandle
 .text.xTaskGetSchedulerState
                0x08007380       0x3c ..\obj\tasks.o
                0x08007380                xTaskGetSchedulerState
 .text.vTaskPriorityInherit
                0x080073bc       0xb4 ..\obj\tasks.o
                0x080073bc                vTaskPriorityInherit
 .text.vTaskPriorityDisinherit
                0x08007470       0x7c ..\obj\tasks.o
                0x08007470                vTaskPriorityDisinherit
 .text.pbuf_alloc
                0x080074ec      0x1f4 ..\obj\pbuf.o
                0x080074ec                pbuf_alloc
 .text.pbuf_realloc
                0x080076e0       0xc8 ..\obj\pbuf.o
                0x080076e0                pbuf_realloc
 .text.pbuf_header
                0x080077a8       0xe0 ..\obj\pbuf.o
                0x080077a8                pbuf_header
 .text.pbuf_free
                0x08007888       0xa0 ..\obj\pbuf.o
                0x08007888                pbuf_free
 .text.pbuf_clen
                0x08007928       0x30 ..\obj\pbuf.o
                0x08007928                pbuf_clen
 .text.pbuf_ref
                0x08007958       0x24 ..\obj\pbuf.o
                0x08007958                pbuf_ref
 .text.pbuf_cat
                0x0800797c       0x5c ..\obj\pbuf.o
                0x0800797c                pbuf_cat
 .text.pbuf_chain
                0x080079d8       0x20 ..\obj\pbuf.o
                0x080079d8                pbuf_chain
 .text.pbuf_copy
                0x080079f8      0x100 ..\obj\pbuf.o
                0x080079f8                pbuf_copy
 .text.pbuf_copy_partial
                0x08007af8       0xcc ..\obj\pbuf.o
                0x08007af8                pbuf_copy_partial
 .text.pbuf_take
                0x08007bc4       0x9c ..\obj\pbuf.o
                0x08007bc4                pbuf_take
 .text.htons    0x08007c60       0x2c ..\obj\inet.o
                0x08007c60                htons
 .text.ntohs    0x08007c8c       0x1c ..\obj\inet.o
                0x08007c8c                ntohs
 .text.htonl    0x08007ca8       0x34 ..\obj\inet.o
                0x08007ca8                htonl
 .text.ntohl    0x08007cdc       0x18 ..\obj\inet.o
                0x08007cdc                ntohl
 .text.netif_add
                0x08007cf4       0x90 ..\obj\netif.o
                0x08007cf4                netif_add
 .text.netif_set_addr
                0x08007d84       0x2c ..\obj\netif.o
                0x08007d84                netif_set_addr
 .text.netif_set_ipaddr
                0x08007db0       0xac ..\obj\netif.o
                0x08007db0                netif_set_ipaddr
 .text.netif_set_gw
                0x08007e5c       0x28 ..\obj\netif.o
                0x08007e5c                netif_set_gw
 .text.netif_set_netmask
                0x08007e84       0x28 ..\obj\netif.o
                0x08007e84                netif_set_netmask
 .text.netif_set_default
                0x08007eac       0x1c ..\obj\netif.o
                0x08007eac                netif_set_default
 .text.netif_set_up
                0x08007ec8       0x48 ..\obj\netif.o
                0x08007ec8                netif_set_up
 .text.netif_set_down
                0x08007f10       0x34 ..\obj\netif.o
                0x08007f10                netif_set_down
 .text.netif_is_up
                0x08007f44       0x28 ..\obj\netif.o
                0x08007f44                netif_is_up
 .text.GPIO_Init
                0x08007f6c      0x11c ..\obj\stm32f4xx_gpio.o
                0x08007f6c                GPIO_Init
 .text.GPIO_PinAFConfig
                0x08008088       0x90 ..\obj\stm32f4xx_gpio.o
                0x08008088                GPIO_PinAFConfig
 .text.vListInitialise
                0x08008118       0x40 ..\obj\list.o
                0x08008118                vListInitialise
 .text.vListInitialiseItem
                0x08008158       0x18 ..\obj\list.o
                0x08008158                vListInitialiseItem
 .text.vListInsertEnd
                0x08008170       0x48 ..\obj\list.o
                0x08008170                vListInsertEnd
 .text.vListInsert
                0x080081b8       0x70 ..\obj\list.o
                0x080081b8                vListInsert
 .text.uxListRemove
                0x08008228       0x54 ..\obj\list.o
                0x08008228                uxListRemove
 .text.SystemInit
                0x0800827c       0x58 ..\obj\system_stm32f4xx.o
                0x0800827c                SystemInit
 .text.SetSysClock
                0x080082d4       0xf4 ..\obj\system_stm32f4xx.o
 .text.pxPortInitialiseStack
                0x080083c8       0x64 ..\obj\port.o
                0x080083c8                pxPortInitialiseStack
 .text.prvTaskExitError
                0x0800842c       0x20 ..\obj\port.o
 .text.SVC_Handler
                0x0800844c       0x1c ..\obj\port.o
                0x0800844c                SVC_Handler
 .text.prvPortStartFirstTask
                0x08008468       0x14 ..\obj\port.o
 .text.xPortStartScheduler
                0x0800847c       0xd0 ..\obj\port.o
                0x0800847c                xPortStartScheduler
 .text.vPortYield
                0x0800854c       0x20 ..\obj\port.o
                0x0800854c                vPortYield
 .text.vPortEnterCritical
                0x0800856c       0x20 ..\obj\port.o
                0x0800856c                vPortEnterCritical
 .text.vPortExitCritical
                0x0800858c       0x24 ..\obj\port.o
                0x0800858c                vPortExitCritical
 .text.ulPortSetInterruptMask
                0x080085b0       0x14 ..\obj\port.o
                0x080085b0                ulPortSetInterruptMask
 .text.vPortClearInterruptMask
                0x080085c4        0x8 ..\obj\port.o
                0x080085c4                vPortClearInterruptMask
 .text.PendSV_Handler
                0x080085cc       0x50 ..\obj\port.o
                0x080085cc                PendSV_Handler
 .text.SysTick_Handler
                0x0800861c       0x28 ..\obj\port.o
                0x0800861c                SysTick_Handler
 .text.vPortSetupTimerInterrupt
                0x08008644       0x34 ..\obj\port.o
                0x08008644                vPortSetupTimerInterrupt
 .text.vPortEnableVFP
                0x08008678       0x14 ..\obj\port.o
 .text.vPortValidateInterruptPriority
                0x0800868c       0x58 ..\obj\port.o
                0x0800868c                vPortValidateInterruptPriority
 .text.xQueueGenericReset
                0x080086e4       0xb0 ..\obj\queue.o
                0x080086e4                xQueueGenericReset
 .text.xQueueGenericCreate
                0x08008794       0x84 ..\obj\queue.o
                0x08008794                xQueueGenericCreate
 .text.xQueueGenericSend
                0x08008818      0x160 ..\obj\queue.o
                0x08008818                xQueueGenericSend
 .text.xQueueGenericSendFromISR
                0x08008978       0xd4 ..\obj\queue.o
                0x08008978                xQueueGenericSendFromISR
 .text.xQueueGenericReceive
                0x08008a4c      0x19c ..\obj\queue.o
                0x08008a4c                xQueueGenericReceive
 .text.prvCopyDataToQueue
                0x08008be8       0xd0 ..\obj\queue.o
 .text.prvCopyDataFromQueue
                0x08008cb8       0x4c ..\obj\queue.o
 .text.prvUnlockQueue
                0x08008d04       0x98 ..\obj\queue.o
 .text.prvIsQueueEmpty
                0x08008d9c       0x2c ..\obj\queue.o
 .text.prvIsQueueFull
                0x08008dc8       0x30 ..\obj\queue.o
 .text.vQueueWaitForMessageRestricted
                0x08008df8       0x58 ..\obj\queue.o
                0x08008df8                vQueueWaitForMessageRestricted
 .text.udp_input
                0x08008e50      0x290 ..\obj\udp.o
                0x08008e50                udp_input
 .text.udp_sendto
                0x080090e0       0x40 ..\obj\udp.o
                0x080090e0                udp_sendto
 .text.udp_sendto_if
                0x08009120      0x128 ..\obj\udp.o
                0x08009120                udp_sendto_if
 .text.udp_bind
                0x08009248       0xc0 ..\obj\udp.o
                0x08009248                udp_bind
 .text.udp_recv
                0x08009308       0x24 ..\obj\udp.o
                0x08009308                udp_recv
 .text.udp_remove
                0x0800932c       0x60 ..\obj\udp.o
                0x0800932c                udp_remove
 .text.udp_new  0x0800938c       0x30 ..\obj\udp.o
                0x0800938c                udp_new
 .text.ip_route
                0x080093bc       0x70 ..\obj\ip.o
                0x080093bc                ip_route
 .text.ip_input
                0x0800942c      0x278 ..\obj\ip.o
                0x0800942c                ip_input
 .text.ip_output_if
                0x080096a4      0x194 ..\obj\ip.o
                0x080096a4                ip_output_if
 .text.ip_output
                0x08009838       0x4c ..\obj\ip.o
                0x08009838                ip_output
 .text.EXTI_Init
                0x08009884       0xe4 ..\obj\stm32f4xx_exti.o
                0x08009884                EXTI_Init
 .text.EXTI_GetITStatus
                0x08009968       0x48 ..\obj\stm32f4xx_exti.o
                0x08009968                EXTI_GetITStatus
 .text.EXTI_ClearITPendingBit
                0x080099b0       0x1c ..\obj\stm32f4xx_exti.o
                0x080099b0                EXTI_ClearITPendingBit
 .text.icmp_input
                0x080099cc      0x200 ..\obj\icmp.o
                0x080099cc                icmp_input
 .text.icmp_dest_unreach
                0x08009bcc       0x20 ..\obj\icmp.o
                0x08009bcc                icmp_dest_unreach
 .text.icmp_time_exceeded
                0x08009bec       0x20 ..\obj\icmp.o
                0x08009bec                icmp_time_exceeded
 .text.icmp_send_response
                0x08009c0c       0xa8 ..\obj\icmp.o
 .text.NVIC_PriorityGroupConfig
                0x08009cb4       0x24 ..\obj\misc.o
                0x08009cb4                NVIC_PriorityGroupConfig
 .text.NVIC_Init
                0x08009cd8       0xc0 ..\obj\misc.o
                0x08009cd8                NVIC_Init
 .text.dhcp_arp_reply
                0x08009d98       0x40 ..\obj\dhcp.o
                0x08009d98                dhcp_arp_reply
 .text.dhcp_decline
                0x08009dd8       0xd4 ..\obj\dhcp.o
 .text.dhcp_set_state
                0x08009eac       0x2c ..\obj\dhcp.o
 .text.dhcp_option
                0x08009ed8       0x4c ..\obj\dhcp.o
 .text.dhcp_option_byte
                0x08009f24       0x30 ..\obj\dhcp.o
 .text.dhcp_option_long
                0x08009f54       0x98 ..\obj\dhcp.o
 .text.dhcp_create_request
                0x08009fec      0x1e8 ..\obj\dhcp.o
 .text.dhcp_delete_request
                0x0800a1d4       0x44 ..\obj\dhcp.o
 .text.dhcp_option_trailer
                0x0800a218       0x60 ..\obj\dhcp.o
 .text.vApplicationIdleHook
                0x0800a278        0xc ..\obj\stm32_ub_freertos.o
                0x0800a278                vApplicationIdleHook
 .text.vApplicationTickHook
                0x0800a284        0xc ..\obj\stm32_ub_freertos.o
                0x0800a284                vApplicationTickHook
 .text.vApplicationStackOverflowHook
                0x0800a290       0x10 ..\obj\stm32_ub_freertos.o
                0x0800a290                vApplicationStackOverflowHook
 .text.vApplicationMallocFailedHook
                0x0800a2a0        0xc ..\obj\stm32_ub_freertos.o
                0x0800a2a0                vApplicationMallocFailedHook
 .text.pvPortMalloc
                0x0800a2ac      0x128 ..\obj\heap_2.o
                0x0800a2ac                pvPortMalloc
 .text.vPortFree
                0x0800a3d4       0x70 ..\obj\heap_2.o
                0x0800a3d4                vPortFree
 .text.prvHeapInit
                0x0800a444       0x50 ..\obj\heap_2.o
 .text.tcp_output_set_header
                0x0800a494       0xec ..\obj\tcp_out.o
 .text.tcp_send_ctrl
                0x0800a580       0x2c ..\obj\tcp_out.o
                0x0800a580                tcp_send_ctrl
 .text.tcp_enqueue
                0x0800a5ac      0x5b4 ..\obj\tcp_out.o
                0x0800a5ac                tcp_enqueue
 .text.tcp_send_empty_ack
                0x0800ab60       0x6c ..\obj\tcp_out.o
                0x0800ab60                tcp_send_empty_ack
 .text.tcp_output
                0x0800abcc      0x2d4 ..\obj\tcp_out.o
                0x0800abcc                tcp_output
 .text.tcp_output_segment
                0x0800aea0      0x144 ..\obj\tcp_out.o
 .text.tcp_rst  0x0800afe4       0xf0 ..\obj\tcp_out.o
                0x0800afe4                tcp_rst
 .text.tcp_rexmit_rto
                0x0800b0d4       0x60 ..\obj\tcp_out.o
                0x0800b0d4                tcp_rexmit_rto
 .text.tcp_rexmit
                0x0800b134       0x84 ..\obj\tcp_out.o
                0x0800b134                tcp_rexmit
 .text.tcp_rexmit_fast
                0x0800b1b8       0xac ..\obj\tcp_out.o
                0x0800b1b8                tcp_rexmit_fast
 .text.tcp_keepalive
                0x0800b264       0x44 ..\obj\tcp_out.o
                0x0800b264                tcp_keepalive
 .text.tcp_zero_window_probe
                0x0800b2a8       0xe0 ..\obj\tcp_out.o
                0x0800b2a8                tcp_zero_window_probe
 .text.raw_input
                0x0800b388       0xac ..\obj\raw.o
                0x0800b388                raw_input
 .text.memcmp   0x0800b434       0x64 c:/program files (x86)/gnu tools arm embedded/4.9 2015q1/bin/../lib/gcc/arm-none-eabi/4.9.3/../../../../arm-none-eabi/lib/armv7e-m/fpu\libg.a(lib_a-memcmp.o)
                0x0800b434                memcmp
 .text          0x0800b498      0x134 c:/program files (x86)/gnu tools arm embedded/4.9 2015q1/bin/../lib/gcc/arm-none-eabi/4.9.3/../../../../arm-none-eabi/lib/armv7e-m/fpu\libg.a(lib_a-memcpy.o)
                0x0800b498                memcpy
 .text.memset   0x0800b5cc       0x9c c:/program files (x86)/gnu tools arm embedded/4.9 2015q1/bin/../lib/gcc/arm-none-eabi/4.9.3/../../../../arm-none-eabi/lib/armv7e-m/fpu\libg.a(lib_a-memset.o)
                0x0800b5cc                memset
 .text.strlen   0x0800b668       0x5c c:/program files (x86)/gnu tools arm embedded/4.9 2015q1/bin/../lib/gcc/arm-none-eabi/4.9.3/../../../../arm-none-eabi/lib/armv7e-m/fpu\libg.a(lib_a-strlen.o)
                0x0800b668                strlen
 *(.init)
 *(.fini)
 *crtbegin.o(.ctors)
 *crtbegin?.o(.ctors)
 *(EXCLUDE_FILE(*crtend.o *crtend?.o) .ctors)
 *(SORT(.ctors.*))
 *(.ctors)
 *crtbegin.o(.dtors)
 *crtbegin?.o(.dtors)
 *(EXCLUDE_FILE(*crtend.o *crtend?.o) .dtors)
 *(SORT(.dtors.*))
 *(.dtors)
 *(.rodata*)
 .rodata        0x0800b6c4       0x90 ..\obj\tcp.o
                0x0800b73c                tcp_backoff
                0x0800b74c                tcp_persist_backoff
 .rodata        0x0800b754       0x28 ..\obj\memp.o
 .rodata        0x0800b77c        0x8 ..\obj\ip_addr.o
                0x0800b77c                ip_addr_any
                0x0800b780                ip_addr_broadcast
 .rodata        0x0800b784       0x2c ..\obj\main.o
 .rodata        0x0800b7b0        0x8 ..\obj\timers.o
 .rodata        0x0800b7b8       0x10 ..\obj\etharp.o
                0x0800b7b8                ethbroadcast
                0x0800b7c0                ethzero
 .rodata        0x0800b7c8       0x1c ..\obj\tasks.o
 *(.eh_fram e*)

.glue_7         0x0800b7e4        0x0
 .glue_7        0x00000000        0x0 linker stubs

.glue_7t        0x0800b7e4        0x0
 .glue_7t       0x00000000        0x0 linker stubs

.vfp11_veneer   0x0800b7e4        0x0
 .vfp11_veneer  0x00000000        0x0 linker stubs

.v4_bx          0x0800b7e4        0x0
 .v4_bx         0x00000000        0x0 linker stubs

.iplt           0x0800b7e4        0x0
 .iplt          0x00000000        0x0 ..\obj\stm32f4xx_syscfg.o

.rel.dyn        0x0800b7e4        0x0
 .rel.iplt      0x00000000        0x0 ..\obj\stm32f4xx_syscfg.o

.ARM.extab
 *(.ARM.extab* .gnu.linkonce.armextab.*)
                0x0800b7e4                __exidx_start = .

.ARM.exidx
 *(.ARM.exidx* .gnu.linkonce.armexidx.*)
                0x0800b7e4                __exidx_end = .
                0x0800b7e4                __etext = .
                0x0800b7e4                _sidata = __etext

.data           0x20000000       0xb8 load address 0x0800b7e4
                0x20000000                __data_start__ = .
                0x20000000                _sdata = __data_start__
 *(vtable)
 *(.data*)
 .data          0x20000000       0x34 ..\obj\tcp.o
                0x20000000                tcp_state_str
 .data          0x20000034       0x50 ..\obj\stm32_ub_led.o
                0x20000034                LED
 .data          0x20000084       0x10 ..\obj\stm32f4xx_rcc.o
 .data          0x20000094        0x4 ..\obj\tasks.o
 .data          0x20000098       0x14 ..\obj\system_stm32f4xx.o
                0x20000098                SystemCoreClock
                0x2000009c                AHBPrescTable
 .data          0x200000ac        0x4 ..\obj\port.o
 .data          0x200000b0        0x4 ..\obj\dhcp.o
 .data          0x200000b4        0x4 ..\obj\heap_2.o
                0x200000b8                . = ALIGN (0x4)
                0x200000b8                PROVIDE (__preinit_array_start, .)
 *(.preinit_array)
                0x200000b8                PROVIDE (__preinit_array_end, .)
                0x200000b8                . = ALIGN (0x4)
                0x200000b8                PROVIDE (__init_array_start, .)
 *(SORT(.init_array.*))
 *(.init_array)
                0x200000b8                PROVIDE (__init_array_end, .)
                0x200000b8                . = ALIGN (0x4)
                0x200000b8                PROVIDE (__fini_array_start, .)
 *(SORT(.fini_array.*))
 *(.fini_array)
                0x200000b8                PROVIDE (__fini_array_end, .)
 *(.jcr*)
                0x200000b8                . = ALIGN (0x4)
                0x200000b8                __data_end__ = .
                0x200000b8                _edata = __data_end__

.igot.plt       0x200000b8        0x0 load address 0x0800b89c
 .igot.plt      0x00000000        0x0 ..\obj\stm32f4xx_syscfg.o

.bss            0x200000b8    0x1e774 load address 0x0800b89c
                0x200000b8                . = ALIGN (0x4)
                0x200000b8                __bss_start__ = .
                0x200000b8                _sbss = __bss_start__
 *(.bss*)
 .bss           0x200000b8     0x2824 ..\obj\mem.o
 .bss           0x200028dc        0x1 ..\obj\tcp.o
 *fill*         0x200028dd        0x3 
 .bss           0x200028e0       0x30 ..\obj\tcp_in.o
 .bss           0x20002910     0x4d90 ..\obj\memp.o
 .bss           0x200076a0      0x5e8 ..\obj\ip_frag.o
 .bss           0x20007c88        0xc ..\obj\stm32_ub_udp_server.o
                0x20007c88                LocalTime
                0x20007c8c                UDP_SERVER
 .bss           0x20007c94        0xc ..\obj\netconf.o
                0x20007c94                TCPTimer
                0x20007c98                ARPTimer
                0x20007c9c                IPaddress
 .bss           0x20007ca0       0x38 ..\obj\timers.o
 .bss           0x20007cd8        0x8 ..\obj\stm32f4x7_eth_bsp.o
                0x20007cd8                EthInitStatus
                0x20007cdc                EthLinkStatus
 .bss           0x20007ce0       0xcc ..\obj\etharp.o
 .bss           0x20007dac       0xfc ..\obj\tasks.o
                0x20007dac                pxCurrentTCB
 .bss           0x20007ea8        0x1 ..\obj\netif.o
 *fill*         0x20007ea9        0x3 
 .bss           0x20007eac        0x8 ..\obj\port.o
 .bss           0x20007eb4        0x2 ..\obj\ip.o
 *fill*         0x20007eb6        0x2 
 .bss           0x20007eb8    0x12c14 ..\obj\heap_2.o
 .bss           0x2001aacc        0x4 ..\obj\raw.o
 *(COMMON)
 COMMON         0x2001aad0       0x18 ..\obj\tcp.o
                0x2001aad0                tcp_active_pcbs
                0x2001aad4                tcp_ticks
                0x2001aad8                tcp_listen_pcbs
                0x2001aadc                tcp_tmp_pcb
                0x2001aae0                tcp_bound_pcbs
                0x2001aae4                tcp_tw_pcbs
 COMMON         0x2001aae8        0x4 ..\obj\tcp_in.o
                0x2001aae8                tcp_input_pcb
 COMMON         0x2001aaec       0x10 ..\obj\stm32_ub_udp_server.o
                0x2001aaec                OwnIPaddr
                0x2001aaf0                upcb_server
                0x2001aaf4                HOST_UDP_PORT
                0x2001aaf8                HostIPaddr
 COMMON         0x2001aafc     0x3ce4 ..\obj\stm32f4x7_eth.o
                0x2001aafc                RX_Frame_Descriptor
                0x2001ab08                DMARxDescToGet
                0x2001ab0c                DMATxDescToSet
                0x2001ab10                DMATxDscrTab
                0x2001abb0                Rx_Buff
                0x2001c974                Frame_Rx_index
                0x2001c978                DMA_RX_FRAME_infos
                0x2001c97c                DMARxDscrTab
                0x2001ca1c                Tx_Buff
 COMMON         0x2001e7e0       0x38 ..\obj\netconf.o
                0x2001e7e0                netif
 COMMON         0x2001e818        0x8 ..\obj\netif.o
                0x2001e818                netif_list
                0x2001e81c                netif_default
 COMMON         0x2001e820        0x4 ..\obj\udp.o
                0x2001e820                udp_pcbs
 COMMON         0x2001e824        0x8 ..\obj\ip.o
                0x2001e824                current_netif
                0x2001e828                current_header
                0x2001e82c                . = ALIGN (0x4)
                0x2001e82c                __bss_end__ = .
                0x2001e82c                _ebss = __bss_end__

.heap           0x2001e82c        0x0
                0x2001e82c                __end__ = .
                0x2001e82c                _end = __end__
                0x2001e82c                end = __end__
 *(.heap*)
                0x2001e82c                __HeapLimit = .

.co_stack       0x2001e82c      0x804 load address 0x0802a010
                0x2001e830                . = ALIGN (0x8)
 *fill*         0x2001e82c        0x4 
 *(.co_stack .co_stack.*)
 .co_stack      0x2001e830      0x800 ..\obj\startup_stm32f4xx.o
                0x2001e830                pulStack
                0x20020000                __StackTop = (ORIGIN (ram) + 0x20000)
                0x2001f7fc                __StackLimit = (__StackTop - SIZEOF (.co_stack))
                0x20020000                PROVIDE (__stack, __StackTop)
                0x00000001                ASSERT ((__StackLimit >= __HeapLimit), region ram  overflowed with stack)
LOAD ..\obj\stm32f4xx_syscfg.o
LOAD ..\obj\mem.o
LOAD ..\obj\tcp.o
LOAD ..\obj\err.o
LOAD ..\obj\randm.o
LOAD ..\obj\mib_structs.o
LOAD ..\obj\tcp_in.o
LOAD ..\obj\slipif.o
LOAD ..\obj\memp.o
LOAD ..\obj\autoip.o
LOAD ..\obj\ip_frag.o
LOAD ..\obj\msg_out.o
LOAD ..\obj\netbuf.o
LOAD ..\obj\tcpip.o
LOAD ..\obj\asn1_dec.o
LOAD ..\obj\lcp.o
LOAD ..\obj\vj.o
LOAD ..\obj\stm32_ub_udp_server.o
LOAD ..\obj\startup_stm32f4xx.o
LOAD ..\obj\stm32_ub_led.o
LOAD ..\obj\stm32f4x7_eth.o
LOAD ..\obj\sys.o
LOAD ..\obj\ip_addr.o
LOAD ..\obj\inet_chksum.o
LOAD ..\obj\main.o
LOAD ..\obj\stm32f4xx_rcc.o
LOAD ..\obj\netconf.o
LOAD ..\obj\mib2.o
LOAD ..\obj\netdb.o
LOAD ..\obj\timers.o
LOAD ..\obj\init.o
LOAD ..\obj\stm32f4x7_eth_bsp.o
LOAD ..\obj\ethernetif.o
LOAD ..\obj\chpms.o
LOAD ..\obj\etharp.o
LOAD ..\obj\tasks.o
LOAD ..\obj\magic.o
LOAD ..\obj\pbuf.o
LOAD ..\obj\stats.o
LOAD ..\obj\inet.o
LOAD ..\obj\msg_in.o
LOAD ..\obj\netif.o
LOAD ..\obj\asn1_enc.o
LOAD ..\obj\fsm.o
LOAD ..\obj\api_msg.o
LOAD ..\obj\chap.o
LOAD ..\obj\stm32f4xx_gpio.o
LOAD ..\obj\md5.o
LOAD ..\obj\list.o
LOAD ..\obj\system_stm32f4xx.o
LOAD ..\obj\port.o
LOAD ..\obj\queue.o
LOAD ..\obj\sockets.o
LOAD ..\obj\igmp.o
LOAD ..\obj\pap.o
LOAD ..\obj\croutine.o
LOAD ..\obj\udp.o
LOAD ..\obj\ip.o
LOAD ..\obj\auth.o
LOAD ..\obj\stm32f4xx_exti.o
LOAD ..\obj\ppp_oe.o
LOAD ..\obj\icmp.o
LOAD ..\obj\dns.o
LOAD ..\obj\netifapi.o
LOAD ..\obj\misc.o
LOAD ..\obj\api_lib.o
LOAD ..\obj\dhcp.o
LOAD ..\obj\ppp.o
LOAD ..\obj\stm32_ub_freertos.o
LOAD ..\obj\heap_2.o
LOAD ..\obj\ipcp.o
LOAD ..\obj\tcp_out.o
LOAD ..\obj\loopif.o
LOAD ..\obj\raw.o
START GROUP
LOAD c:/program files (x86)/gnu tools arm embedded/4.9 2015q1/bin/../lib/gcc/arm-none-eabi/4.9.3/armv7e-m/fpu\libgcc.a
LOAD c:/program files (x86)/gnu tools arm embedded/4.9 2015q1/bin/../lib/gcc/arm-none-eabi/4.9.3/../../../../arm-none-eabi/lib/armv7e-m/fpu\libg.a
LOAD c:/program files (x86)/gnu tools arm embedded/4.9 2015q1/bin/../lib/gcc/arm-none-eabi/4.9.3/../../../../arm-none-eabi/lib/armv7e-m/fpu\libc.a
END GROUP
OUTPUT(Demo_73.elf elf32-littlearm)

.debug_info     0x00000000    0x12dd9
 .debug_info    0x00000000      0x26c ..\obj\stm32f4xx_syscfg.o
 .debug_info    0x0000026c      0x345 ..\obj\mem.o
 .debug_info    0x000005b1     0x1143 ..\obj\tcp.o
 .debug_info    0x000016f4      0xbeb ..\obj\tcp_in.o
 .debug_info    0x000022df      0x253 ..\obj\memp.o
 .debug_info    0x00002532      0x653 ..\obj\autoip.o
 .debug_info    0x00002b85      0x8a9 ..\obj\ip_frag.o
 .debug_info    0x0000342e      0x5d2 ..\obj\stm32_ub_udp_server.o
 .debug_info    0x00003a00       0xed ..\obj\startup_stm32f4xx.o
 .debug_info    0x00003aed      0x41a ..\obj\stm32_ub_led.o
 .debug_info    0x00003f07     0x18f9 ..\obj\stm32f4x7_eth.o
 .debug_info    0x00005800      0x2ff ..\obj\ip_addr.o
 .debug_info    0x00005aff      0x2a0 ..\obj\inet_chksum.o
 .debug_info    0x00005d9f      0x238 ..\obj\main.o
 .debug_info    0x00005fd7      0xc4d ..\obj\stm32f4xx_rcc.o
 .debug_info    0x00006c24      0x689 ..\obj\netconf.o
 .debug_info    0x000072ad      0x71b ..\obj\timers.o
 .debug_info    0x000079c8      0xd13 ..\obj\stm32f4x7_eth_bsp.o
 .debug_info    0x000086db      0xa6b ..\obj\ethernetif.o
 .debug_info    0x00009146      0xef1 ..\obj\etharp.o
 .debug_info    0x0000a037     0x1081 ..\obj\tasks.o
 .debug_info    0x0000b0b8      0x667 ..\obj\pbuf.o
 .debug_info    0x0000b71f      0x2e1 ..\obj\inet.o
 .debug_info    0x0000ba00      0xe3c ..\obj\netif.o
 .debug_info    0x0000c83c      0x602 ..\obj\stm32f4xx_gpio.o
 .debug_info    0x0000ce3e      0x29e ..\obj\list.o
 .debug_info    0x0000d0dc      0x592 ..\obj\system_stm32f4xx.o
 .debug_info    0x0000d66e      0x325 ..\obj\port.o
 .debug_info    0x0000d993      0xb40 ..\obj\queue.o
 .debug_info    0x0000e4d3      0xabb ..\obj\udp.o
 .debug_info    0x0000ef8e      0x8ba ..\obj\ip.o
 .debug_info    0x0000f848      0x347 ..\obj\stm32f4xx_exti.o
 .debug_info    0x0000fb8f      0x591 ..\obj\icmp.o
 .debug_info    0x00010120      0x53d ..\obj\misc.o
 .debug_info    0x0001065d     0x1057 ..\obj\dhcp.o
 .debug_info    0x000116b4      0x10e ..\obj\stm32_ub_freertos.o
 .debug_info    0x000117c2      0x2c7 ..\obj\heap_2.o
 .debug_info    0x00011a89      0xcc0 ..\obj\tcp_out.o
 .debug_info    0x00012749      0x690 ..\obj\raw.o

.debug_abbrev   0x00000000     0x3e60
 .debug_abbrev  0x00000000      0x131 ..\obj\stm32f4xx_syscfg.o
 .debug_abbrev  0x00000131      0x15e ..\obj\mem.o
 .debug_abbrev  0x0000028f      0x2c4 ..\obj\tcp.o
 .debug_abbrev  0x00000553      0x1e9 ..\obj\tcp_in.o
 .debug_abbrev  0x0000073c      0x11e ..\obj\memp.o
 .debug_abbrev  0x0000085a      0x1a5 ..\obj\autoip.o
 .debug_abbrev  0x000009ff      0x1df ..\obj\ip_frag.o
 .debug_abbrev  0x00000bde      0x1a0 ..\obj\stm32_ub_udp_server.o
 .debug_abbrev  0x00000d7e       0xb0 ..\obj\startup_stm32f4xx.o
 .debug_abbrev  0x00000e2e      0x149 ..\obj\stm32_ub_led.o
 .debug_abbrev  0x00000f77      0x233 ..\obj\stm32f4x7_eth.o
 .debug_abbrev  0x000011aa       0xf3 ..\obj\ip_addr.o
 .debug_abbrev  0x0000129d      0x13c ..\obj\inet_chksum.o
 .debug_abbrev  0x000013d9       0xe1 ..\obj\main.o
 .debug_abbrev  0x000014ba      0x1e3 ..\obj\stm32f4xx_rcc.o
 .debug_abbrev  0x0000169d      0x141 ..\obj\netconf.o
 .debug_abbrev  0x000017de      0x184 ..\obj\timers.o
 .debug_abbrev  0x00001962      0x1f8 ..\obj\stm32f4x7_eth_bsp.o
 .debug_abbrev  0x00001b5a      0x206 ..\obj\ethernetif.o
 .debug_abbrev  0x00001d60      0x20a ..\obj\etharp.o
 .debug_abbrev  0x00001f6a      0x22e ..\obj\tasks.o
 .debug_abbrev  0x00002198      0x1a3 ..\obj\pbuf.o
 .debug_abbrev  0x0000233b      0x130 ..\obj\inet.o
 .debug_abbrev  0x0000246b      0x256 ..\obj\netif.o
 .debug_abbrev  0x000026c1      0x1a3 ..\obj\stm32f4xx_gpio.o
 .debug_abbrev  0x00002864       0xd6 ..\obj\list.o
 .debug_abbrev  0x0000293a      0x136 ..\obj\system_stm32f4xx.o
 .debug_abbrev  0x00002a70      0x1c4 ..\obj\port.o
 .debug_abbrev  0x00002c34      0x1d8 ..\obj\queue.o
 .debug_abbrev  0x00002e0c      0x20c ..\obj\udp.o
 .debug_abbrev  0x00003018      0x195 ..\obj\ip.o
 .debug_abbrev  0x000031ad      0x1a5 ..\obj\stm32f4xx_exti.o
 .debug_abbrev  0x00003352      0x19a ..\obj\icmp.o
 .debug_abbrev  0x000034ec      0x145 ..\obj\misc.o
 .debug_abbrev  0x00003631      0x21a ..\obj\dhcp.o
 .debug_abbrev  0x0000384b       0xb6 ..\obj\stm32_ub_freertos.o
 .debug_abbrev  0x00003901      0x184 ..\obj\heap_2.o
 .debug_abbrev  0x00003a85      0x224 ..\obj\tcp_out.o
 .debug_abbrev  0x00003ca9      0x1b7 ..\obj\raw.o

.debug_aranges  0x00000000     0x1358
 .debug_aranges
                0x00000000       0x48 ..\obj\stm32f4xx_syscfg.o
 .debug_aranges
                0x00000048       0x48 ..\obj\mem.o
 .debug_aranges
                0x00000090      0x110 ..\obj\tcp.o
 .debug_aranges
                0x000001a0       0x48 ..\obj\tcp_in.o
 .debug_aranges
                0x000001e8       0x30 ..\obj\memp.o
 .debug_aranges
                0x00000218       0x78 ..\obj\autoip.o
 .debug_aranges
                0x00000290       0x58 ..\obj\ip_frag.o
 .debug_aranges
                0x000002e8       0x50 ..\obj\stm32_ub_udp_server.o
 .debug_aranges
                0x00000338       0x28 ..\obj\startup_stm32f4xx.o
 .debug_aranges
                0x00000360       0x40 ..\obj\stm32_ub_led.o
 .debug_aranges
                0x000003a0      0x2b8 ..\obj\stm32f4x7_eth.o
 .debug_aranges
                0x00000658       0x20 ..\obj\ip_addr.o
 .debug_aranges
                0x00000678       0x38 ..\obj\inet_chksum.o
 .debug_aranges
                0x000006b0       0x40 ..\obj\main.o
 .debug_aranges
                0x000006f0      0x178 ..\obj\stm32f4xx_rcc.o
 .debug_aranges
                0x00000868       0x30 ..\obj\netconf.o
 .debug_aranges
                0x00000898       0x88 ..\obj\timers.o
 .debug_aranges
                0x00000920       0x58 ..\obj\stm32f4x7_eth_bsp.o
 .debug_aranges
                0x00000978       0x40 ..\obj\ethernetif.o
 .debug_aranges
                0x000009b8       0x80 ..\obj\etharp.o
 .debug_aranges
                0x00000a38      0x160 ..\obj\tasks.o
 .debug_aranges
                0x00000b98       0x80 ..\obj\pbuf.o
 .debug_aranges
                0x00000c18       0x50 ..\obj\inet.o
 .debug_aranges
                0x00000c68       0x70 ..\obj\netif.o
 .debug_aranges
                0x00000cd8       0x88 ..\obj\stm32f4xx_gpio.o
 .debug_aranges
                0x00000d60       0x40 ..\obj\list.o
 .debug_aranges
                0x00000da0       0x30 ..\obj\system_stm32f4xx.o
 .debug_aranges
                0x00000dd0       0x98 ..\obj\port.o
 .debug_aranges
                0x00000e68       0xf8 ..\obj\queue.o
 .debug_aranges
                0x00000f60       0x68 ..\obj\udp.o
 .debug_aranges
                0x00000fc8       0x38 ..\obj\ip.o
 .debug_aranges
                0x00001000       0x58 ..\obj\stm32f4xx_exti.o
 .debug_aranges
                0x00001058       0x38 ..\obj\icmp.o
 .debug_aranges
                0x00001090       0x40 ..\obj\misc.o
 .debug_aranges
                0x000010d0      0x138 ..\obj\dhcp.o
 .debug_aranges
                0x00001208       0x38 ..\obj\stm32_ub_freertos.o
 .debug_aranges
                0x00001240       0x40 ..\obj\heap_2.o
 .debug_aranges
                0x00001280       0x80 ..\obj\tcp_out.o
 .debug_aranges
                0x00001300       0x58 ..\obj\raw.o

.debug_ranges   0x00000000     0x10e8
 .debug_ranges  0x00000000       0x38 ..\obj\stm32f4xx_syscfg.o
 .debug_ranges  0x00000038       0x38 ..\obj\mem.o
 .debug_ranges  0x00000070      0x100 ..\obj\tcp.o
 .debug_ranges  0x00000170       0x38 ..\obj\tcp_in.o
 .debug_ranges  0x000001a8       0x20 ..\obj\memp.o
 .debug_ranges  0x000001c8       0x68 ..\obj\autoip.o
 .debug_ranges  0x00000230       0x48 ..\obj\ip_frag.o
 .debug_ranges  0x00000278       0x40 ..\obj\stm32_ub_udp_server.o
 .debug_ranges  0x000002b8       0x18 ..\obj\startup_stm32f4xx.o
 .debug_ranges  0x000002d0       0x30 ..\obj\stm32_ub_led.o
 .debug_ranges  0x00000300      0x2a8 ..\obj\stm32f4x7_eth.o
 .debug_ranges  0x000005a8       0x10 ..\obj\ip_addr.o
 .debug_ranges  0x000005b8       0x28 ..\obj\inet_chksum.o
 .debug_ranges  0x000005e0       0x30 ..\obj\main.o
 .debug_ranges  0x00000610      0x168 ..\obj\stm32f4xx_rcc.o
 .debug_ranges  0x00000778       0x20 ..\obj\netconf.o
 .debug_ranges  0x00000798       0x78 ..\obj\timers.o
 .debug_ranges  0x00000810       0x48 ..\obj\stm32f4x7_eth_bsp.o
 .debug_ranges  0x00000858       0x30 ..\obj\ethernetif.o
 .debug_ranges  0x00000888       0x70 ..\obj\etharp.o
 .debug_ranges  0x000008f8      0x150 ..\obj\tasks.o
 .debug_ranges  0x00000a48       0x70 ..\obj\pbuf.o
 .debug_ranges  0x00000ab8       0x40 ..\obj\inet.o
 .debug_ranges  0x00000af8       0x60 ..\obj\netif.o
 .debug_ranges  0x00000b58       0x78 ..\obj\stm32f4xx_gpio.o
 .debug_ranges  0x00000bd0       0x30 ..\obj\list.o
 .debug_ranges  0x00000c00       0x20 ..\obj\system_stm32f4xx.o
 .debug_ranges  0x00000c20       0x88 ..\obj\port.o
 .debug_ranges  0x00000ca8       0xe8 ..\obj\queue.o
 .debug_ranges  0x00000d90       0x58 ..\obj\udp.o
 .debug_ranges  0x00000de8       0x28 ..\obj\ip.o
 .debug_ranges  0x00000e10       0x48 ..\obj\stm32f4xx_exti.o
 .debug_ranges  0x00000e58       0x28 ..\obj\icmp.o
 .debug_ranges  0x00000e80       0x30 ..\obj\misc.o
 .debug_ranges  0x00000eb0      0x128 ..\obj\dhcp.o
 .debug_ranges  0x00000fd8       0x28 ..\obj\stm32_ub_freertos.o
 .debug_ranges  0x00001000       0x30 ..\obj\heap_2.o
 .debug_ranges  0x00001030       0x70 ..\obj\tcp_out.o
 .debug_ranges  0x000010a0       0x48 ..\obj\raw.o

.debug_line     0x00000000     0xacbc
 .debug_line    0x00000000      0x268 ..\obj\stm32f4xx_syscfg.o
 .debug_line    0x00000268      0x2c7 ..\obj\mem.o
 .debug_line    0x0000052f      0x850 ..\obj\tcp.o
 .debug_line    0x00000d7f      0x7a9 ..\obj\tcp_in.o
 .debug_line    0x00001528      0x221 ..\obj\memp.o
 .debug_line    0x00001749      0x478 ..\obj\autoip.o
 .debug_line    0x00001bc1      0x46e ..\obj\ip_frag.o
 .debug_line    0x0000202f      0x4dd ..\obj\stm32_ub_udp_server.o
 .debug_line    0x0000250c       0xb8 ..\obj\startup_stm32f4xx.o
 .debug_line    0x000025c4      0x2d2 ..\obj\stm32_ub_led.o
 .debug_line    0x00002896      0xb59 ..\obj\stm32f4x7_eth.o
 .debug_line    0x000033ef      0x26a ..\obj\ip_addr.o
 .debug_line    0x00003659      0x2cc ..\obj\inet_chksum.o
 .debug_line    0x00003925      0x34e ..\obj\main.o
 .debug_line    0x00003c73      0x608 ..\obj\stm32f4xx_rcc.o
 .debug_line    0x0000427b      0x3aa ..\obj\netconf.o
 .debug_line    0x00004625      0x45e ..\obj\timers.o
 .debug_line    0x00004a83      0x3d2 ..\obj\stm32f4x7_eth_bsp.o
 .debug_line    0x00004e55      0x526 ..\obj\ethernetif.o
 .debug_line    0x0000537b      0x5e6 ..\obj\etharp.o
 .debug_line    0x00005961      0xa4a ..\obj\tasks.o
 .debug_line    0x000063ab      0x473 ..\obj\pbuf.o
 .debug_line    0x0000681e      0x309 ..\obj\inet.o
 .debug_line    0x00006b27      0x40a ..\obj\netif.o
 .debug_line    0x00006f31      0x3aa ..\obj\stm32f4xx_gpio.o
 .debug_line    0x000072db      0x2f9 ..\obj\list.o
 .debug_line    0x000075d4      0x229 ..\obj\system_stm32f4xx.o
 .debug_line    0x000077fd      0x3fe ..\obj\port.o
 .debug_line    0x00007bfb      0x81e ..\obj\queue.o
 .debug_line    0x00008419      0x4ab ..\obj\udp.o
 .debug_line    0x000088c4      0x3c7 ..\obj\ip.o
 .debug_line    0x00008c8b      0x30c ..\obj\stm32f4xx_exti.o
 .debug_line    0x00008f97      0x2ee ..\obj\icmp.o
 .debug_line    0x00009285      0x2ac ..\obj\misc.o
 .debug_line    0x00009531      0x910 ..\obj\dhcp.o
 .debug_line    0x00009e41      0x248 ..\obj\stm32_ub_freertos.o
 .debug_line    0x0000a089      0x2cb ..\obj\heap_2.o
 .debug_line    0x0000a354      0x5f1 ..\obj\tcp_out.o
 .debug_line    0x0000a945      0x377 ..\obj\raw.o

.debug_str      0x00000000     0x695a
 .debug_str     0x00000000      0x2cf ..\obj\stm32f4xx_syscfg.o
                                0x32d (size before relaxing)
 .debug_str     0x000002cf      0x180 ..\obj\mem.o
                                0x2c1 (size before relaxing)
 .debug_str     0x0000044f      0x5e3 ..\obj\tcp.o
                                0x870 (size before relaxing)
 .debug_str     0x00000a32      0x188 ..\obj\tcp_in.o
                                0x707 (size before relaxing)
 .debug_str     0x00000bba       0xcd ..\obj\memp.o
                                0x2fb (size before relaxing)
 .debug_str     0x00000c87      0x215 ..\obj\autoip.o
                                0x459 (size before relaxing)
 .debug_str     0x00000e9c      0x2ae ..\obj\ip_frag.o
                                0x5c8 (size before relaxing)
 .debug_str     0x0000114a      0x2dc ..\obj\stm32_ub_udp_server.o
                                0x596 (size before relaxing)
 .debug_str     0x00001426       0xc6 ..\obj\startup_stm32f4xx.o
                                0x180 (size before relaxing)
 .debug_str     0x000014ec      0x2bb ..\obj\stm32_ub_led.o
                                0x437 (size before relaxing)
 .debug_str     0x000017a7     0x1283 ..\obj\stm32f4x7_eth.o
                               0x14a6 (size before relaxing)
 .debug_str     0x00002a2a       0xb0 ..\obj\ip_addr.o
                                0x2da (size before relaxing)
 .debug_str     0x00002ada       0xe4 ..\obj\inet_chksum.o
                                0x2bb (size before relaxing)
 .debug_str     0x00002bbe       0xa7 ..\obj\main.o
                                0x346 (size before relaxing)
 .debug_str     0x00002c65      0x5df ..\obj\stm32f4xx_rcc.o
                                0x889 (size before relaxing)
 .debug_str     0x00003244      0x202 ..\obj\netconf.o
                                0x4cd (size before relaxing)
 .debug_str     0x00003446      0x447 ..\obj\timers.o
                                0x5ec (size before relaxing)
 .debug_str     0x0000388d      0x841 ..\obj\stm32f4x7_eth_bsp.o
                               0x1090 (size before relaxing)
 .debug_str     0x000040ce       0xee ..\obj\ethernetif.o
                                0x727 (size before relaxing)
 .debug_str     0x000041bc      0x2ad ..\obj\etharp.o
                                0x84b (size before relaxing)
 .debug_str     0x00004469      0x925 ..\obj\tasks.o
                                0xb5d (size before relaxing)
 .debug_str     0x00004d8e      0x1b7 ..\obj\pbuf.o
                                0x48d (size before relaxing)
 .debug_str     0x00004f45       0xc6 ..\obj\inet.o
                                0x264 (size before relaxing)
 .debug_str     0x0000500b      0x134 ..\obj\netif.o
                                0x7ab (size before relaxing)
 .debug_str     0x0000513f      0x1b3 ..\obj\stm32f4xx_gpio.o
                                0x4dc (size before relaxing)
 .debug_str     0x000052f2       0xe9 ..\obj\list.o
                                0x2de (size before relaxing)
 .debug_str     0x000053db       0xda ..\obj\system_stm32f4xx.o
                                0x3e3 (size before relaxing)
 .debug_str     0x000054b5      0x27a ..\obj\port.o
                                0x421 (size before relaxing)
 .debug_str     0x0000572f      0x479 ..\obj\queue.o
                                0x734 (size before relaxing)
 .debug_str     0x00005ba8      0x18d ..\obj\udp.o
                                0x6ad (size before relaxing)
 .debug_str     0x00005d35       0xee ..\obj\ip.o
                                0x58e (size before relaxing)
 .debug_str     0x00005e23      0x123 ..\obj\stm32f4xx_exti.o
                                0x392 (size before relaxing)
 .debug_str     0x00005f46       0xfb ..\obj\icmp.o
                                0x447 (size before relaxing)
 .debug_str     0x00006041      0x129 ..\obj\misc.o
                                0x407 (size before relaxing)
 .debug_str     0x0000616a      0x339 ..\obj\dhcp.o
                                0x7e2 (size before relaxing)
 .debug_str     0x000064a3       0xb0 ..\obj\stm32_ub_freertos.o
                                0x227 (size before relaxing)
 .debug_str     0x00006553      0x1a2 ..\obj\heap_2.o
                                0x321 (size before relaxing)
 .debug_str     0x000066f5      0x17f ..\obj\tcp_out.o
                                0x6ff (size before relaxing)
 .debug_str     0x00006874       0xe6 ..\obj\raw.o
                                0x467 (size before relaxing)

.comment        0x00000000       0x70
 .comment       0x00000000       0x70 ..\obj\stm32f4xx_syscfg.o
                                 0x71 (size before relaxing)
 .comment       0x00000000       0x71 ..\obj\mem.o
 .comment       0x00000000       0x71 ..\obj\tcp.o
 .comment       0x00000000       0x71 ..\obj\tcp_in.o
 .comment       0x00000000       0x71 ..\obj\memp.o
 .comment       0x00000000       0x71 ..\obj\autoip.o
 .comment       0x00000000       0x71 ..\obj\ip_frag.o
 .comment       0x00000000       0x71 ..\obj\stm32_ub_udp_server.o
 .comment       0x00000000       0x71 ..\obj\startup_stm32f4xx.o
 .comment       0x00000000       0x71 ..\obj\stm32_ub_led.o
 .comment       0x00000000       0x71 ..\obj\stm32f4x7_eth.o
 .comment       0x00000000       0x71 ..\obj\ip_addr.o
 .comment       0x00000000       0x71 ..\obj\inet_chksum.o
 .comment       0x00000000       0x71 ..\obj\main.o
 .comment       0x00000000       0x71 ..\obj\stm32f4xx_rcc.o
 .comment       0x00000000       0x71 ..\obj\netconf.o
 .comment       0x00000000       0x71 ..\obj\timers.o
 .comment       0x00000000       0x71 ..\obj\stm32f4x7_eth_bsp.o
 .comment       0x00000000       0x71 ..\obj\ethernetif.o
 .comment       0x00000000       0x71 ..\obj\etharp.o
 .comment       0x00000000       0x71 ..\obj\tasks.o
 .comment       0x00000000       0x71 ..\obj\pbuf.o
 .comment       0x00000000       0x71 ..\obj\inet.o
 .comment       0x00000000       0x71 ..\obj\netif.o
 .comment       0x00000000       0x71 ..\obj\stm32f4xx_gpio.o
 .comment       0x00000000       0x71 ..\obj\list.o
 .comment       0x00000000       0x71 ..\obj\system_stm32f4xx.o
 .comment       0x00000000       0x71 ..\obj\port.o
 .comment       0x00000000       0x71 ..\obj\queue.o
 .comment       0x00000000       0x71 ..\obj\udp.o
 .comment       0x00000000       0x71 ..\obj\ip.o
 .comment       0x00000000       0x71 ..\obj\stm32f4xx_exti.o
 .comment       0x00000000       0x71 ..\obj\icmp.o
 .comment       0x00000000       0x71 ..\obj\misc.o
 .comment       0x00000000       0x71 ..\obj\dhcp.o
 .comment       0x00000000       0x71 ..\obj\stm32_ub_freertos.o
 .comment       0x00000000       0x71 ..\obj\heap_2.o
 .comment       0x00000000       0x71 ..\obj\tcp_out.o
 .comment       0x00000000       0x71 ..\obj\raw.o

.ARM.attributes
                0x00000000       0x37
 .ARM.attributes
                0x00000000       0x39 ..\obj\stm32f4xx_syscfg.o
 .ARM.attributes
                0x00000039       0x39 ..\obj\mem.o
 .ARM.attributes
                0x00000072       0x39 ..\obj\tcp.o
 .ARM.attributes
                0x000000ab       0x39 ..\obj\tcp_in.o
 .ARM.attributes
                0x000000e4       0x39 ..\obj\memp.o
 .ARM.attributes
                0x0000011d       0x39 ..\obj\autoip.o
 .ARM.attributes
                0x00000156       0x39 ..\obj\ip_frag.o
 .ARM.attributes
                0x0000018f       0x39 ..\obj\stm32_ub_udp_server.o
 .ARM.attributes
                0x000001c8       0x39 ..\obj\startup_stm32f4xx.o
 .ARM.attributes
                0x00000201       0x39 ..\obj\stm32_ub_led.o
 .ARM.attributes
                0x0000023a       0x39 ..\obj\stm32f4x7_eth.o
 .ARM.attributes
                0x00000273       0x39 ..\obj\ip_addr.o
 .ARM.attributes
                0x000002ac       0x39 ..\obj\inet_chksum.o
 .ARM.attributes
                0x000002e5       0x39 ..\obj\main.o
 .ARM.attributes
                0x0000031e       0x39 ..\obj\stm32f4xx_rcc.o
 .ARM.attributes
                0x00000357       0x39 ..\obj\netconf.o
 .ARM.attributes
                0x00000390       0x39 ..\obj\timers.o
 .ARM.attributes
                0x000003c9       0x39 ..\obj\stm32f4x7_eth_bsp.o
 .ARM.attributes
                0x00000402       0x39 ..\obj\ethernetif.o
 .ARM.attributes
                0x0000043b       0x39 ..\obj\etharp.o
 .ARM.attributes
                0x00000474       0x39 ..\obj\tasks.o
 .ARM.attributes
                0x000004ad       0x39 ..\obj\pbuf.o
 .ARM.attributes
                0x000004e6       0x39 ..\obj\inet.o
 .ARM.attributes
                0x0000051f       0x39 ..\obj\netif.o
 .ARM.attributes
                0x00000558       0x39 ..\obj\stm32f4xx_gpio.o
 .ARM.attributes
                0x00000591       0x39 ..\obj\list.o
 .ARM.attributes
                0x000005ca       0x39 ..\obj\system_stm32f4xx.o
 .ARM.attributes
                0x00000603       0x39 ..\obj\port.o
 .ARM.attributes
                0x0000063c       0x39 ..\obj\queue.o
 .ARM.attributes
                0x00000675       0x39 ..\obj\udp.o
 .ARM.attributes
                0x000006ae       0x39 ..\obj\ip.o
 .ARM.attributes
                0x000006e7       0x39 ..\obj\stm32f4xx_exti.o
 .ARM.attributes
                0x00000720       0x39 ..\obj\icmp.o
 .ARM.attributes
                0x00000759       0x39 ..\obj\misc.o
 .ARM.attributes
                0x00000792       0x39 ..\obj\dhcp.o
 .ARM.attributes
                0x000007cb       0x39 ..\obj\stm32_ub_freertos.o
 .ARM.attributes
                0x00000804       0x39 ..\obj\heap_2.o
 .ARM.attributes
                0x0000083d       0x39 ..\obj\tcp_out.o
 .ARM.attributes
                0x00000876       0x39 ..\obj\raw.o
 .ARM.attributes
                0x000008af       0x34 c:/program files (x86)/gnu tools arm embedded/4.9 2015q1/bin/../lib/gcc/arm-none-eabi/4.9.3/../../../../arm-none-eabi/lib/armv7e-m/fpu\libg.a(lib_a-memcmp.o)
 .ARM.attributes
                0x000008e3       0x20 c:/program files (x86)/gnu tools arm embedded/4.9 2015q1/bin/../lib/gcc/arm-none-eabi/4.9.3/../../../../arm-none-eabi/lib/armv7e-m/fpu\libg.a(lib_a-memcpy.o)
 .ARM.attributes
                0x00000903       0x34 c:/program files (x86)/gnu tools arm embedded/4.9 2015q1/bin/../lib/gcc/arm-none-eabi/4.9.3/../../../../arm-none-eabi/lib/armv7e-m/fpu\libg.a(lib_a-memset.o)
 .ARM.attributes
                0x00000937       0x34 c:/program files (x86)/gnu tools arm embedded/4.9 2015q1/bin/../lib/gcc/arm-none-eabi/4.9.3/../../../../arm-none-eabi/lib/armv7e-m/fpu\libg.a(lib_a-strlen.o)

.debug_frame    0x00000000     0x4c2c
 .debug_frame   0x00000000       0xf4 ..\obj\stm32f4xx_syscfg.o
 .debug_frame   0x000000f4       0xf8 ..\obj\mem.o
 .debug_frame   0x000001ec      0x498 ..\obj\tcp.o
 .debug_frame   0x00000684      0x110 ..\obj\tcp_in.o
 .debug_frame   0x00000794       0x88 ..\obj\memp.o
 .debug_frame   0x0000081c      0x1c8 ..\obj\autoip.o
 .debug_frame   0x000009e4      0x138 ..\obj\ip_frag.o
 .debug_frame   0x00000b1c       0xfc ..\obj\stm32_ub_udp_server.o
 .debug_frame   0x00000c18       0x4c ..\obj\startup_stm32f4xx.o
 .debug_frame   0x00000c64       0xd0 ..\obj\stm32_ub_led.o
 .debug_frame   0x00000d34      0xc84 ..\obj\stm32f4x7_eth.o
 .debug_frame   0x000019b8       0x38 ..\obj\ip_addr.o
 .debug_frame   0x000019f0       0xa0 ..\obj\inet_chksum.o
 .debug_frame   0x00001a90       0xb0 ..\obj\main.o
 .debug_frame   0x00001b40      0x6d4 ..\obj\stm32f4xx_rcc.o
 .debug_frame   0x00002214       0x78 ..\obj\netconf.o
 .debug_frame   0x0000228c      0x20c ..\obj\timers.o
 .debug_frame   0x00002498      0x138 ..\obj\stm32f4x7_eth_bsp.o
 .debug_frame   0x000025d0       0xc4 ..\obj\ethernetif.o
 .debug_frame   0x00002694      0x1fc ..\obj\etharp.o
 .debug_frame   0x00002890      0x5d8 ..\obj\tasks.o
 .debug_frame   0x00002e68      0x1f4 ..\obj\pbuf.o
 .debug_frame   0x0000305c      0x11c ..\obj\inet.o
 .debug_frame   0x00003178      0x1b4 ..\obj\netif.o
 .debug_frame   0x0000332c      0x23c ..\obj\stm32f4xx_gpio.o
 .debug_frame   0x00003568       0xd8 ..\obj\list.o
 .debug_frame   0x00003640       0x7c ..\obj\system_stm32f4xx.o
 .debug_frame   0x000036bc      0x1b0 ..\obj\port.o
 .debug_frame   0x0000386c      0x41c ..\obj\queue.o
 .debug_frame   0x00003c88      0x194 ..\obj\udp.o
 .debug_frame   0x00003e1c       0xac ..\obj\ip.o
 .debug_frame   0x00003ec8      0x148 ..\obj\stm32f4xx_exti.o
 .debug_frame   0x00004010       0xa8 ..\obj\icmp.o
 .debug_frame   0x000040b8       0xd8 ..\obj\misc.o
 .debug_frame   0x00004190      0x56c ..\obj\dhcp.o
 .debug_frame   0x000046fc       0x8c ..\obj\stm32_ub_freertos.o
 .debug_frame   0x00004788       0xc0 ..\obj\heap_2.o
 .debug_frame   0x00004848      0x214 ..\obj\tcp_out.o
 .debug_frame   0x00004a5c      0x144 ..\obj\raw.o
 .debug_frame   0x00004ba0       0x38 c:/program files (x86)/gnu tools arm embedded/4.9 2015q1/bin/../lib/gcc/arm-none-eabi/4.9.3/../../../../arm-none-eabi/lib/armv7e-m/fpu\libg.a(lib_a-memcmp.o)
 .debug_frame   0x00004bd8       0x34 c:/program files (x86)/gnu tools arm embedded/4.9 2015q1/bin/../lib/gcc/arm-none-eabi/4.9.3/../../../../arm-none-eabi/lib/armv7e-m/fpu\libg.a(lib_a-memset.o)
 .debug_frame   0x00004c0c       0x20 c:/program files (x86)/gnu tools arm embedded/4.9 2015q1/bin/../lib/gcc/arm-none-eabi/4.9.3/../../../../arm-none-eabi/lib/armv7e-m/fpu\libg.a(lib_a-strlen.o)
